import { twMerge } from "tailwind-merge";
import { clsx } from "clsx";
import { splitProps } from "solid-js";
import { Indicator, Control, Input, Root } from "@kobalte/core/checkbox";

export function Lib_cn_Z35CD86D0(classes) {
    return twMerge(clsx(classes));
}

export function Checkbox(props) {
    const [PARTAS_LOCAL, PARTAS_OTHERS] = splitProps(props, ["indeterminate", "class"]);
    return <Root indeterminate={PARTAS_LOCAL.indeterminate}
        class={Lib_cn_Z35CD86D0(["items-top group relative flex space-x-2", PARTAS_LOCAL.class])}
        {...PARTAS_OTHERS} bool:n$={false}>
        {(_arg) => <>
            <Input class="peer" />
            <Control class="size-4 shrink-0 rounded-sm border border-primary
                ring-offset-background disabled:cursor-not-allowed disabled:opacity-50
                peer-focus-visible:outline-none peer-focus-visible:ring-2 peer-focus-visible:ring-ring
                peer-focus-visible:ring-offset-2 data-[checked]:border-none
                data-[indeterminate]:border-none data-[checked]:bg-primary
                data-[indeterminate]:bg-primary data-[checked]:text-primary-foreground
                data-[indeterminate]:text-primary-foreground">
                <Indicator>
                    {PARTAS_LOCAL.indeterminate ? ("üòê") : ("üòÄ")}
                </Indicator>
            </Control>
        </>}
    </Root>;
}

export const selectColumn = <Checkbox checked={true} />;

export const selectColumn2 = {
    header: (headerProps) => <Checkbox checked={true}
        indeterminate={true} />,
};

