export function TestCase() {
    return <>
        <MemberVal index="test" />
        <ValMutable index="test" />
    </>;
}