
export function CssPropStyleTest() {
    return <div style={{
            "background-color": "slategray",
            "--custom-var": "Chocolate",
        }} />;
}

